2026-08-27 15:35:51,319 - INFO - Inserted 357 rows for FORTIS.NS
2026-08-27 15:35:51,475 - INFO - [GMRAIRPORT_NS] Inserted 361 rows (duplicates ignored)
2026-08-27 15:35:51,475 - INFO - Inserted 361 rows for GMRAIRPORT.NS
2026-08-27 15:35:51,683 - INFO - [GODREJPROP_NS] Inserted 361 rows (duplicates ignored)
2026-08-27 15:35:51,683 - INFO - Inserted 361 rows for GODREJPROP.NS
2026-08-27 15:35:51,868 - INFO - [HAVELLS_NS] Inserted 360 rows (duplicates ignored)
2026-08-27 15:35:51,868 - INFO - Inserted 360 rows for HAVELLS.NS
2026-08-27 15:35:52,066 - INFO - [HEROMOTOCO_NS] Inserted 360 rows (duplicates ignored)
2026-08-27 15:35:52,066 - INFO - Inserted 360 rows for HEROMOTOCO.NS
2026-08-27 15:35:52,234 - INFO - [HINDPETRO_NS] Inserted 361 rows (duplicates ignored)
2026-08-27 15:35:52,235 - INFO - Inserted 361 rows for HINDPETRO.NS
2026-08-27 15:35:52,389 - INFO - [ICICIBANK_NS] Inserted 361 rows (duplicates ignored)
2026-08-27 15:35:52,390 - INFO - Inserted 361 rows for ICICIBANK.NS
2026-08-27 15:35:52,402 - INFO - Cycle complete. README updated.
2026-08-27 15:40:58,058 - INFO - Starting data fetch cycle...
2026-08-27 15:40:58,419 - INFO - [ALKEM_NS] Inserted 359 rows (duplicates ignored)
2026-08-27 15:40:58,419 - INFO - Inserted 359 rows for ALKEM.NS
2026-08-27 15:40:58,625 - INFO - [APLAPOLLO_NS] Inserted 360 rows (duplicates ignored)
2026-08-27 15:40:58,625 - INFO - Inserted 360 rows for APLAPOLLO.NS
2026-08-27 15:40:58,852 - INFO - [ASHOKLEY_NS] Inserted 361 rows (duplicates ignored)
2026-08-27 15:40:58,852 - INFO - Inserted 361 rows for ASHOKLEY.NS
2026-08-27 15:40:59,039 - INFO - [AUBANK_NS] Inserted 361 rows (duplicates ignored)
2026-08-27 15:40:59,040 - INFO - Inserted 361 rows for AUBANK.NS
2026-08-27 15:40:59,255 - INFO - [AUROPHARMA_NS] Inserted 361 rows (duplicates ignored)
2026-08-27 15:40:59,255 - INFO - Inserted 361 rows for AUROPHARMA.NS
2026-08-27 15:40:59,431 - INFO - [BHARATFORG_NS] Inserted 360 rows (duplicates ignored)
2026-08-27 15:40:59,431 - INFO - Inserted 360 rows for BHARATFORG.NS
2026-08-27 15:40:59,609 - INFO - [BHEL_NS] Inserted 361 rows (duplicates ignored)
2026-08-27 15:40:59,609 - INFO - Inserted 361 rows for BHEL.NS
2026-08-27 15:40:59,765 - INFO - [BSE_NS] Inserted 361 rows (duplicates ignored)
2026-08-27 15:40:59,765 - INFO - Inserted 361 rows for BSE.NS
2026-08-27 15:40:59,932 - INFO - [COFORGE_NS] Inserted 361 rows (duplicates ignored)
2026-08-27 15:40:59,933 - INFO - Inserted 361 rows for COFORGE.NS
2026-08-27 15:41:00,131 - INFO - [COLPAL_NS] Inserted 360 rows (duplicates ignored)
2026-08-27 15:41:00,131 - INFO - Inserted 360 rows for COLPAL.NS
2026-08-27 15:41:00,377 - INFO - [DABUR_NS] Inserted 361 rows (duplicates ignored)
2026-08-27 15:41:00,377 - INFO - Inserted 361 rows for DABUR.NS
2026-08-27 15:41:00,552 - INFO - [DIXON_NS] Inserted 359 rows (duplicates ignored)
2026-08-27 15:41:00,552 - INFO - Inserted 359 rows for DIXON.NS
2026-08-27 15:41:00,739 - INFO - [FEDERALBNK_NS] Inserted 360 rows (duplicates ignored)
2026-08-27 15:41:00,739 - INFO - Inserted 360 rows for FEDERALBNK.NS
2026-08-27 15:41:00,936 - INFO - [FORTIS_NS] Inserted 357 rows (duplicates ignored)
2026-08-27 15:41:00,936 - INFO - Inserted 357 rows for FORTIS.NS
2026-08-27 15:41:01,105 - INFO - [GMRAIRPORT_NS] Inserted 361 rows (duplicates ignored)
2026-08-27 15:41:01,105 - INFO - Inserted 361 rows for GMRAIRPORT.NS
2026-08-27 15:41:01,283 - INFO - [GODREJPROP_NS] Inserted 361 rows (duplicates ignored)
2026-08-27 15:41:01,283 - INFO - Inserted 361 rows for GODREJPROP.NS
2026-08-27 15:41:01,468 - INFO - [HAVELLS_NS] Inserted 360 rows (duplicates ignored)
2026-08-27 15:41:01,468 - INFO - Inserted 360 rows for HAVELLS.NS
2026-08-27 15:41:01,643 - INFO - [HEROMOTOCO_NS] Inserted 360 rows (duplicates ignored)
2026-08-27 15:41:01,644 - INFO - Inserted 360 rows for HEROMOTOCO.NS
2026-08-27 15:41:01,816 - INFO - [HINDPETRO_NS] Inserted 361 rows (duplicates ignored)
2026-08-27 15:41:01,817 - INFO - Inserted 361 rows for HINDPETRO.NS
2026-08-27 15:41:01,986 - INFO - [ICICIBANK_NS] Inserted 361 rows (duplicates ignored)
2026-08-27 15:41:01,986 - INFO - Inserted 361 rows for ICICIBANK.NS
2026-08-27 15:41:02,001 - INFO - Cycle complete. README updated.
2026-08-27 15:46:06,649 - INFO - Starting data fetch cycle...
2026-08-27 15:46:07,205 - INFO - [ALKEM_NS] Inserted 359 rows (duplicates ignored)
2026-08-27 15:46:07,205 - INFO - Inserted 359 rows for ALKEM.NS
2026-08-27 15:46:07,524 - INFO - [APLAPOLLO_NS] Inserted 360 rows (duplicates ignored)
2026-08-27 15:46:07,524 - INFO - Inserted 360 rows for APLAPOLLO.NS
2026-08-27 15:46:07,929 - INFO - [ASHOKLEY_NS] Inserted 361 rows (duplicates ignored)
2026-08-27 15:46:07,929 - INFO - Inserted 361 rows for ASHOKLEY.NS
2026-08-27 15:46:08,268 - INFO - [AUBANK_NS] Inserted 361 rows (duplicates ignored)
2026-08-27 15:46:08,268 - INFO - Inserted 361 rows for AUBANK.NS
2026-08-27 15:46:08,668 - INFO - [AUROPHARMA_NS] Inserted 361 rows (duplicates ignored)
2026-08-27 15:46:08,668 - INFO - Inserted 361 rows for AUROPHARMA.NS
2026-08-27 15:46:09,067 - INFO - [BHARATFORG_NS] Inserted 360 rows (duplicates ignored)
2026-08-27 15:46:09,067 - INFO - Inserted 360 rows for BHARATFORG.NS
2026-08-27 15:46:09,427 - INFO - [BHEL_NS] Inserted 361 rows (duplicates ignored)
2026-08-27 15:46:09,427 - INFO - Inserted 361 rows for BHEL.NS
2026-08-27 15:46:09,827 - INFO - [BSE_NS] Inserted 361 rows (duplicates ignored)
2026-08-27 15:46:09,827 - INFO - Inserted 361 rows for BSE.NS
2026-08-27 15:46:10,208 - INFO - [COFORGE_NS] Inserted 361 rows (duplicates ignored)
2026-08-27 15:46:10,208 - INFO - Inserted 361 rows for COFORGE.NS
2026-08-27 15:46:10,533 - INFO - [COLPAL_NS] Inserted 360 rows (duplicates ignored)
2026-08-27 15:46:10,533 - INFO - Inserted 360 rows for COLPAL.NS
2026-08-27 15:46:10,884 - INFO - [DABUR_NS] Inserted 361 rows (duplicates ignored)
2026-08-27 15:46:10,884 - INFO - Inserted 361 rows for DABUR.NS
2026-08-27 15:46:11,273 - INFO - [DIXON_NS] Inserted 359 rows (duplicates ignored)
2026-08-27 15:46:11,274 - INFO - Inserted 359 rows for DIXON.NS
2026-08-27 15:46:11,617 - INFO - [FEDERALBNK_NS] Inserted 360 rows (duplicates ignored)
2026-08-27 15:46:11,617 - INFO - Inserted 360 rows for FEDERALBNK.NS
2026-08-27 15:46:11,995 - INFO - [FORTIS_NS] Inserted 357 rows (duplicates ignored)
2026-08-27 15:46:11,995 - INFO - Inserted 357 rows for FORTIS.NS
2026-08-27 15:46:12,443 - INFO - [GMRAIRPORT_NS] Inserted 361 rows (duplicates ignored)
2026-08-27 15:46:12,443 - INFO - Inserted 361 rows for GMRAIRPORT.NS
2026-08-27 15:46:12,774 - INFO - [GODREJPROP_NS] Inserted 361 rows (duplicates ignored)
2026-08-27 15:46:12,774 - INFO - Inserted 361 rows for GODREJPROP.NS
2026-08-27 15:46:13,151 - INFO - [HAVELLS_NS] Inserted 360 rows (duplicates ignored)
2026-08-27 15:46:13,151 - INFO - Inserted 360 rows for HAVELLS.NS
2026-08-27 15:46:13,493 - INFO - [HEROMOTOCO_NS] Inserted 360 rows (duplicates ignored)
2026-08-27 15:46:13,493 - INFO - Inserted 360 rows for HEROMOTOCO.NS
2026-08-27 15:46:13,903 - INFO - [HINDPETRO_NS] Inserted 361 rows (duplicates ignored)
2026-08-27 15:46:13,903 - INFO - Inserted 361 rows for HINDPETRO.NS
2026-08-27 15:46:14,345 - INFO - [ICICIBANK_NS] Inserted 361 rows (duplicates ignored)
2026-08-27 15:46:14,345 - INFO - Inserted 361 rows for ICICIBANK.NS
2026-08-27 15:46:14,362 - INFO - Cycle complete. README updated.
